<?xml version="1.0" encoding="UTF-8" ?>
<testsuites name="vitest tests" tests="9" failures="9" errors="0" time="0.017157668">
    <testsuite name="tests/mastra/tools/getCurrentWeather.test.ts" timestamp="2025-12-26T08:31:18.650Z" hostname="MWDNs-MacBook-Pro.local" tests="9" failures="9" errors="0" skipped="0" time="0.017157668">
        <testcase classname="tests/mastra/tools/getCurrentWeather.test.ts" name="P0: getCurrentWeather Tool &gt; FR5: Weather for Specific City &gt; should return formatted weather for valid city" time="0.010492577">
            <failure message="expected true to be false // Object.is equality" type="AssertionError">
AssertionError: expected true to be false // Object.is equality

- Expected
+ Received

- false
+ true

 ❯ tests/mastra/tools/getCurrentWeather.test.ts:52:20
            </failure>
        </testcase>
        <testcase classname="tests/mastra/tools/getCurrentWeather.test.ts" name="P0: getCurrentWeather Tool &gt; FR5: Weather for Specific City &gt; should include temperature, conditions, and humidity in response" time="0.000791235">
            <failure message="expected true to be false // Object.is equality" type="AssertionError">
AssertionError: expected true to be false // Object.is equality

- Expected
+ Received

- false
+ true

 ❯ tests/mastra/tools/getCurrentWeather.test.ts:69:20
            </failure>
        </testcase>
        <testcase classname="tests/mastra/tools/getCurrentWeather.test.ts" name="P0: getCurrentWeather Tool &gt; FR7: OpenWeatherMap Integration &gt; should call OpenWeatherMap API with correct parameters" time="0.00064926">
            <failure message="expected true to be false // Object.is equality" type="AssertionError">
AssertionError: expected true to be false // Object.is equality

- Expected
+ Received

- false
+ true

 ❯ tests/mastra/tools/getCurrentWeather.test.ts:94:20
            </failure>
        </testcase>
        <testcase classname="tests/mastra/tools/getCurrentWeather.test.ts" name="P0: getCurrentWeather Tool &gt; FR24: API Failure Graceful Message &gt; should return CITY_NOT_FOUND for 404 response" time="0.000604123">
            <failure message="expected true to be false // Object.is equality" type="AssertionError">
AssertionError: expected true to be false // Object.is equality

- Expected
+ Received

- false
+ true

 ❯ tests/mastra/tools/getCurrentWeather.test.ts:112:20
            </failure>
        </testcase>
        <testcase classname="tests/mastra/tools/getCurrentWeather.test.ts" name="P0: getCurrentWeather Tool &gt; FR24: API Failure Graceful Message &gt; should return API_KEY_INVALID for 401 response" time="0.000686636">
            <failure message="expected true to be false // Object.is equality" type="AssertionError">
AssertionError: expected true to be false // Object.is equality

- Expected
+ Received

- false
+ true

 ❯ tests/mastra/tools/getCurrentWeather.test.ts:128:20
            </failure>
        </testcase>
        <testcase classname="tests/mastra/tools/getCurrentWeather.test.ts" name="P0: getCurrentWeather Tool &gt; FR24: API Failure Graceful Message &gt; should return API_UNAVAILABLE for 5xx response" time="0.000545298">
            <failure message="expected true to be false // Object.is equality" type="AssertionError">
AssertionError: expected true to be false // Object.is equality

- Expected
+ Received

- false
+ true

 ❯ tests/mastra/tools/getCurrentWeather.test.ts:144:20
            </failure>
        </testcase>
        <testcase classname="tests/mastra/tools/getCurrentWeather.test.ts" name="P0: getCurrentWeather Tool &gt; FR24: API Failure Graceful Message &gt; should handle network failure gracefully" time="0.00052028">
            <failure message="expected true to be false // Object.is equality" type="AssertionError">
AssertionError: expected true to be false // Object.is equality

- Expected
+ Received

- false
+ true

 ❯ tests/mastra/tools/getCurrentWeather.test.ts:160:20
            </failure>
        </testcase>
        <testcase classname="tests/mastra/tools/getCurrentWeather.test.ts" name="P0: getCurrentWeather Tool &gt; NFR2: API Timeout (&lt;5s) &gt; should timeout after 5 seconds" time="0.000506531">
            <failure message="expected true to be false // Object.is equality" type="AssertionError">
AssertionError: expected true to be false // Object.is equality

- Expected
+ Received

- false
+ true

 ❯ tests/mastra/tools/getCurrentWeather.test.ts:191:20
            </failure>
        </testcase>
        <testcase classname="tests/mastra/tools/getCurrentWeather.test.ts" name="P0: getCurrentWeather Tool &gt; NFR2: API Timeout (&lt;5s) &gt; should complete successfully within 5 seconds" time="0.000524872">
            <failure message="expected true to be false // Object.is equality" type="AssertionError">
AssertionError: expected true to be false // Object.is equality

- Expected
+ Received

- false
+ true

 ❯ tests/mastra/tools/getCurrentWeather.test.ts:210:20
            </failure>
        </testcase>
    </testsuite>
</testsuites>
